
> swiggy-multi-module-app@1.0.0 build
> vite build

[36mvite v6.4.1 [32mbuilding for production...[36m[39m
transforming...
[32mΓ£ô[39m 8 modules transformed.
npm : [31mΓ£ù[39m 
Build failed in 199ms
At line:1 char:1
+ npm run build > 
build_output.txt 2>&1 
; cat build_output.txt
+ ~~~~~~~~~~~~~~~~~~~~
~~~~~~~~~~~~~~~~~
    + CategoryInfo    
          : NotSpeci  
  fied: ([31mΓ£ù[   
 39m Build failed     
in 199ms:String)     
[], RemoteExcepti    
on
    + FullyQualifiedE 
   rrorId : NativeCo  
  mmandError
 
[31merror during 
build:
[31m[vite]: Rollup 
failed to resolve 
import "prop-types" 
from "C:/WORK/CodeBase
/kiiteats/frontend/src
/user/Context/StoreCon
text.jsx".
This is most likely 
unintended because it 
can break your 
application at 
runtime.
If you do want to 
externalize this 
module explicitly add 
it to
`build.rollupOptions.e
xternal`[31m
    at viteLog (file:/
//C:/WORK/CodeBase/kii
teats/frontend/node_mo
dules/vite/dist/node/c
hunks/dep-D4NMHUTW.js:
46374:15)
    at file:///C:/WORK
/CodeBase/kiiteats/fro
ntend/node_modules/vit
e/dist/node/chunks/dep
-D4NMHUTW.js:46432:18
    at onwarn (file://
/C:/WORK/CodeBase/kiit
eats/frontend/node_mod
ules/@vitejs/plugin-re
act/dist/index.js:90:7
)
    at file:///C:/WORK
/CodeBase/kiiteats/fro
ntend/node_modules/vit
e/dist/node/chunks/dep
-D4NMHUTW.js:46430:7
    at onRollupLog (fi
le:///C:/WORK/CodeBase
/kiiteats/frontend/nod
e_modules/vite/dist/no
de/chunks/dep-D4NMHUTW
.js:46422:5)
    at onLog (file:///
C:/WORK/CodeBase/kiite
ats/frontend/node_modu
les/vite/dist/node/chu
nks/dep-D4NMHUTW.js:46
072:7)
    at file:///C:/WORK
/CodeBase/kiiteats/fro
ntend/node_modules/rol
lup/dist/es/shared/nod
e-entry.js:20981:32
    at Object.logger 
[as onLog] (file:///C:
/WORK/CodeBase/kiiteat
s/frontend/node_module
s/rollup/dist/es/share
d/node-entry.js:22968:
9)
    at ModuleLoader.ha
ndleInvalidResolvedId 
(file:///C:/WORK/CodeB
ase/kiiteats/frontend/
node_modules/rollup/di
st/es/shared/node-entr
y.js:21712:26)
    at file:///C:/WORK
/CodeBase/kiiteats/fro
ntend/node_modules/rol
lup/dist/es/shared/nod
e-entry.js:21670:26[3
9m
